------------------------------------------------------------
TimeQuest Timing Analyzer Summary
------------------------------------------------------------

Type  : Slow 1100mV 85C Model Setup 'clk'
Slack : -6.086
TNS   : -126.112

Type  : Slow 1100mV 85C Model Setup 'clk2'
Slack : -5.869
TNS   : -120.380

Type  : Slow 1100mV 85C Model Setup 'MR'
Slack : -5.028
TNS   : -32.290

Type  : Slow 1100mV 85C Model Setup 'hit'
Slack : -4.129
TNS   : -4.129

Type  : Slow 1100mV 85C Model Setup 'cake2'
Slack : -1.904
TNS   : -9.517

Type  : Slow 1100mV 85C Model Setup 'cake'
Slack : -1.619
TNS   : -8.093

Type  : Slow 1100mV 85C Model Setup 'VAR'
Slack : -1.246
TNS   : -4.936

Type  : Slow 1100mV 85C Model Hold 'clk2'
Slack : 0.377
TNS   : 0.000

Type  : Slow 1100mV 85C Model Hold 'clk'
Slack : 0.380
TNS   : 0.000

Type  : Slow 1100mV 85C Model Hold 'cake'
Slack : 0.656
TNS   : 0.000

Type  : Slow 1100mV 85C Model Hold 'cake2'
Slack : 0.691
TNS   : 0.000

Type  : Slow 1100mV 85C Model Hold 'hit'
Slack : 0.715
TNS   : 0.000

Type  : Slow 1100mV 85C Model Hold 'VAR'
Slack : 0.745
TNS   : 0.000

Type  : Slow 1100mV 85C Model Hold 'MR'
Slack : 1.083
TNS   : 0.000

Type  : Slow 1100mV 85C Model Recovery 'clk2'
Slack : -3.287
TNS   : -119.734

Type  : Slow 1100mV 85C Model Recovery 'VAR'
Slack : -2.950
TNS   : -11.794

Type  : Slow 1100mV 85C Model Recovery 'hit'
Slack : -2.054
TNS   : -2.054

Type  : Slow 1100mV 85C Model Removal 'clk2'
Slack : 0.925
TNS   : 0.000

Type  : Slow 1100mV 85C Model Removal 'hit'
Slack : 1.039
TNS   : 0.000

Type  : Slow 1100mV 85C Model Removal 'VAR'
Slack : 2.055
TNS   : 0.000

Type  : Slow 1100mV 85C Model Minimum Pulse Width 'clk2'
Slack : -0.496
TNS   : -23.206

Type  : Slow 1100mV 85C Model Minimum Pulse Width 'clk'
Slack : -0.413
TNS   : -25.761

Type  : Slow 1100mV 85C Model Minimum Pulse Width 'cake2'
Slack : -0.394
TNS   : -2.623

Type  : Slow 1100mV 85C Model Minimum Pulse Width 'cake'
Slack : -0.394
TNS   : -2.593

Type  : Slow 1100mV 85C Model Minimum Pulse Width 'VAR'
Slack : -0.394
TNS   : -2.044

Type  : Slow 1100mV 85C Model Minimum Pulse Width 'hit'
Slack : -0.394
TNS   : -0.612

Type  : Slow 1100mV 85C Model Minimum Pulse Width 'MR'
Slack : 0.137
TNS   : 0.000

Type  : Slow 1100mV 0C Model Setup 'clk'
Slack : -6.149
TNS   : -124.420

Type  : Slow 1100mV 0C Model Setup 'clk2'
Slack : -5.955
TNS   : -118.961

Type  : Slow 1100mV 0C Model Setup 'MR'
Slack : -4.876
TNS   : -31.037

Type  : Slow 1100mV 0C Model Setup 'hit'
Slack : -3.942
TNS   : -3.942

Type  : Slow 1100mV 0C Model Setup 'cake2'
Slack : -1.807
TNS   : -9.032

Type  : Slow 1100mV 0C Model Setup 'cake'
Slack : -1.542
TNS   : -7.708

Type  : Slow 1100mV 0C Model Setup 'VAR'
Slack : -1.259
TNS   : -4.982

Type  : Slow 1100mV 0C Model Hold 'clk'
Slack : 0.376
TNS   : 0.000

Type  : Slow 1100mV 0C Model Hold 'clk2'
Slack : 0.377
TNS   : 0.000

Type  : Slow 1100mV 0C Model Hold 'hit'
Slack : 0.592
TNS   : 0.000

Type  : Slow 1100mV 0C Model Hold 'cake'
Slack : 0.627
TNS   : 0.000

Type  : Slow 1100mV 0C Model Hold 'cake2'
Slack : 0.648
TNS   : 0.000

Type  : Slow 1100mV 0C Model Hold 'VAR'
Slack : 0.696
TNS   : 0.000

Type  : Slow 1100mV 0C Model Hold 'MR'
Slack : 0.901
TNS   : 0.000

Type  : Slow 1100mV 0C Model Recovery 'clk2'
Slack : -3.083
TNS   : -104.584

Type  : Slow 1100mV 0C Model Recovery 'VAR'
Slack : -2.872
TNS   : -11.480

Type  : Slow 1100mV 0C Model Recovery 'hit'
Slack : -1.850
TNS   : -1.850

Type  : Slow 1100mV 0C Model Removal 'clk2'
Slack : 0.615
TNS   : 0.000

Type  : Slow 1100mV 0C Model Removal 'hit'
Slack : 0.959
TNS   : 0.000

Type  : Slow 1100mV 0C Model Removal 'VAR'
Slack : 1.982
TNS   : 0.000

Type  : Slow 1100mV 0C Model Minimum Pulse Width 'clk2'
Slack : -0.473
TNS   : -25.063

Type  : Slow 1100mV 0C Model Minimum Pulse Width 'clk'
Slack : -0.426
TNS   : -28.061

Type  : Slow 1100mV 0C Model Minimum Pulse Width 'cake2'
Slack : -0.394
TNS   : -2.630

Type  : Slow 1100mV 0C Model Minimum Pulse Width 'cake'
Slack : -0.394
TNS   : -2.586

Type  : Slow 1100mV 0C Model Minimum Pulse Width 'VAR'
Slack : -0.394
TNS   : -2.054

Type  : Slow 1100mV 0C Model Minimum Pulse Width 'hit'
Slack : -0.394
TNS   : -0.675

Type  : Slow 1100mV 0C Model Minimum Pulse Width 'MR'
Slack : 0.108
TNS   : 0.000

Type  : Fast 1100mV 85C Model Setup 'clk'
Slack : -3.708
TNS   : -55.948

Type  : Fast 1100mV 85C Model Setup 'MR'
Slack : -3.411
TNS   : -21.859

Type  : Fast 1100mV 85C Model Setup 'clk2'
Slack : -3.351
TNS   : -53.888

Type  : Fast 1100mV 85C Model Setup 'hit'
Slack : -2.723
TNS   : -2.723

Type  : Fast 1100mV 85C Model Setup 'cake2'
Slack : -1.351
TNS   : -6.755

Type  : Fast 1100mV 85C Model Setup 'cake'
Slack : -1.190
TNS   : -5.950

Type  : Fast 1100mV 85C Model Setup 'VAR'
Slack : -0.488
TNS   : -1.772

Type  : Fast 1100mV 85C Model Hold 'clk2'
Slack : 0.199
TNS   : 0.000

Type  : Fast 1100mV 85C Model Hold 'clk'
Slack : 0.200
TNS   : 0.000

Type  : Fast 1100mV 85C Model Hold 'cake'
Slack : 0.286
TNS   : 0.000

Type  : Fast 1100mV 85C Model Hold 'cake2'
Slack : 0.300
TNS   : 0.000

Type  : Fast 1100mV 85C Model Hold 'hit'
Slack : 0.336
TNS   : 0.000

Type  : Fast 1100mV 85C Model Hold 'VAR'
Slack : 0.391
TNS   : 0.000

Type  : Fast 1100mV 85C Model Hold 'MR'
Slack : 0.811
TNS   : 0.000

Type  : Fast 1100mV 85C Model Recovery 'clk2'
Slack : -2.261
TNS   : -84.111

Type  : Fast 1100mV 85C Model Recovery 'VAR'
Slack : -1.934
TNS   : -7.734

Type  : Fast 1100mV 85C Model Recovery 'hit'
Slack : -0.927
TNS   : -0.927

Type  : Fast 1100mV 85C Model Removal 'hit'
Slack : 0.448
TNS   : 0.000

Type  : Fast 1100mV 85C Model Removal 'clk2'
Slack : 0.510
TNS   : 0.000

Type  : Fast 1100mV 85C Model Removal 'VAR'
Slack : 0.998
TNS   : 0.000

Type  : Fast 1100mV 85C Model Minimum Pulse Width 'clk2'
Slack : -0.468
TNS   : -4.346

Type  : Fast 1100mV 85C Model Minimum Pulse Width 'clk'
Slack : -0.424
TNS   : -4.349

Type  : Fast 1100mV 85C Model Minimum Pulse Width 'hit'
Slack : -0.306
TNS   : -0.306

Type  : Fast 1100mV 85C Model Minimum Pulse Width 'MR'
Slack : -0.097
TNS   : -0.833

Type  : Fast 1100mV 85C Model Minimum Pulse Width 'cake2'
Slack : 0.093
TNS   : 0.000

Type  : Fast 1100mV 85C Model Minimum Pulse Width 'VAR'
Slack : 0.156
TNS   : 0.000

Type  : Fast 1100mV 85C Model Minimum Pulse Width 'cake'
Slack : 0.159
TNS   : 0.000

Type  : Fast 1100mV 0C Model Setup 'clk'
Slack : -3.300
TNS   : -48.376

Type  : Fast 1100mV 0C Model Setup 'clk2'
Slack : -3.035
TNS   : -47.147

Type  : Fast 1100mV 0C Model Setup 'MR'
Slack : -2.814
TNS   : -17.926

Type  : Fast 1100mV 0C Model Setup 'hit'
Slack : -2.117
TNS   : -2.117

Type  : Fast 1100mV 0C Model Setup 'cake2'
Slack : -1.168
TNS   : -5.840

Type  : Fast 1100mV 0C Model Setup 'cake'
Slack : -1.022
TNS   : -5.110

Type  : Fast 1100mV 0C Model Setup 'VAR'
Slack : -0.400
TNS   : -1.487

Type  : Fast 1100mV 0C Model Hold 'hit'
Slack : 0.139
TNS   : 0.000

Type  : Fast 1100mV 0C Model Hold 'clk2'
Slack : 0.189
TNS   : 0.000

Type  : Fast 1100mV 0C Model Hold 'clk'
Slack : 0.191
TNS   : 0.000

Type  : Fast 1100mV 0C Model Hold 'cake'
Slack : 0.228
TNS   : 0.000

Type  : Fast 1100mV 0C Model Hold 'cake2'
Slack : 0.234
TNS   : 0.000

Type  : Fast 1100mV 0C Model Hold 'VAR'
Slack : 0.342
TNS   : 0.000

Type  : Fast 1100mV 0C Model Hold 'MR'
Slack : 0.579
TNS   : 0.000

Type  : Fast 1100mV 0C Model Recovery 'clk2'
Slack : -2.014
TNS   : -72.083

Type  : Fast 1100mV 0C Model Recovery 'VAR'
Slack : -1.865
TNS   : -7.458

Type  : Fast 1100mV 0C Model Recovery 'hit'
Slack : -0.720
TNS   : -0.720

Type  : Fast 1100mV 0C Model Removal 'clk2'
Slack : 0.285
TNS   : 0.000

Type  : Fast 1100mV 0C Model Removal 'hit'
Slack : 0.307
TNS   : 0.000

Type  : Fast 1100mV 0C Model Removal 'VAR'
Slack : 0.935
TNS   : 0.000

Type  : Fast 1100mV 0C Model Minimum Pulse Width 'clk2'
Slack : -0.436
TNS   : -4.161

Type  : Fast 1100mV 0C Model Minimum Pulse Width 'clk'
Slack : -0.422
TNS   : -4.419

Type  : Fast 1100mV 0C Model Minimum Pulse Width 'hit'
Slack : -0.338
TNS   : -0.350

Type  : Fast 1100mV 0C Model Minimum Pulse Width 'MR'
Slack : -0.095
TNS   : -0.855

Type  : Fast 1100mV 0C Model Minimum Pulse Width 'cake2'
Slack : 0.106
TNS   : 0.000

Type  : Fast 1100mV 0C Model Minimum Pulse Width 'VAR'
Slack : 0.150
TNS   : 0.000

Type  : Fast 1100mV 0C Model Minimum Pulse Width 'cake'
Slack : 0.161
TNS   : 0.000

------------------------------------------------------------
