------------------------------------------------------------
TimeQuest Timing Analyzer Summary
------------------------------------------------------------

Type  : Slow 1100mV 85C Model Setup 'clk'
Slack : -5.715
TNS   : -139.739

Type  : Slow 1100mV 85C Model Setup 'cake'
Slack : -1.742
TNS   : -14.348

Type  : Slow 1100mV 85C Model Hold 'clk'
Slack : 0.378
TNS   : 0.000

Type  : Slow 1100mV 85C Model Hold 'cake'
Slack : 0.488
TNS   : 0.000

Type  : Slow 1100mV 85C Model Minimum Pulse Width 'clk'
Slack : -0.478
TNS   : -17.438

Type  : Slow 1100mV 85C Model Minimum Pulse Width 'cake'
Slack : -0.394
TNS   : -5.767

Type  : Slow 1100mV 0C Model Setup 'clk'
Slack : -5.798
TNS   : -137.783

Type  : Slow 1100mV 0C Model Setup 'cake'
Slack : -1.720
TNS   : -14.247

Type  : Slow 1100mV 0C Model Hold 'clk'
Slack : 0.378
TNS   : 0.000

Type  : Slow 1100mV 0C Model Hold 'cake'
Slack : 0.493
TNS   : 0.000

Type  : Slow 1100mV 0C Model Minimum Pulse Width 'clk'
Slack : -0.459
TNS   : -18.741

Type  : Slow 1100mV 0C Model Minimum Pulse Width 'cake'
Slack : -0.394
TNS   : -5.667

Type  : Fast 1100mV 85C Model Setup 'clk'
Slack : -3.111
TNS   : -70.117

Type  : Fast 1100mV 85C Model Setup 'cake'
Slack : -0.722
TNS   : -5.914

Type  : Fast 1100mV 85C Model Hold 'cake'
Slack : 0.189
TNS   : 0.000

Type  : Fast 1100mV 85C Model Hold 'clk'
Slack : 0.201
TNS   : 0.000

Type  : Fast 1100mV 85C Model Minimum Pulse Width 'clk'
Slack : -0.453
TNS   : -3.403

Type  : Fast 1100mV 85C Model Minimum Pulse Width 'cake'
Slack : 0.131
TNS   : 0.000

Type  : Fast 1100mV 0C Model Setup 'clk'
Slack : -2.822
TNS   : -61.427

Type  : Fast 1100mV 0C Model Setup 'cake'
Slack : -0.623
TNS   : -4.943

Type  : Fast 1100mV 0C Model Hold 'cake'
Slack : 0.174
TNS   : 0.000

Type  : Fast 1100mV 0C Model Hold 'clk'
Slack : 0.190
TNS   : 0.000

Type  : Fast 1100mV 0C Model Minimum Pulse Width 'clk'
Slack : -0.427
TNS   : -3.333

Type  : Fast 1100mV 0C Model Minimum Pulse Width 'cake'
Slack : 0.140
TNS   : 0.000

------------------------------------------------------------
