------------------------------------------------------------
TimeQuest Timing Analyzer Summary
------------------------------------------------------------

Type  : Slow 1100mV 85C Model Setup 'R'
Slack : -3.057
TNS   : -3.057

Type  : Slow 1100mV 85C Model Hold 'R'
Slack : 1.068
TNS   : 0.000

Type  : Slow 1100mV 85C Model Minimum Pulse Width 'R'
Slack : 0.271
TNS   : 0.000

Type  : Slow 1100mV 0C Model Setup 'R'
Slack : -2.938
TNS   : -2.938

Type  : Slow 1100mV 0C Model Hold 'R'
Slack : 0.921
TNS   : 0.000

Type  : Slow 1100mV 0C Model Minimum Pulse Width 'R'
Slack : 0.293
TNS   : 0.000

Type  : Fast 1100mV 85C Model Setup 'R'
Slack : -2.084
TNS   : -2.084

Type  : Fast 1100mV 85C Model Hold 'R'
Slack : 0.686
TNS   : 0.000

Type  : Fast 1100mV 85C Model Minimum Pulse Width 'R'
Slack : 0.011
TNS   : 0.000

Type  : Fast 1100mV 0C Model Setup 'R'
Slack : -1.868
TNS   : -1.868

Type  : Fast 1100mV 0C Model Hold 'R'
Slack : 0.549
TNS   : 0.000

Type  : Fast 1100mV 0C Model Minimum Pulse Width 'R'
Slack : 0.014
TNS   : 0.000

------------------------------------------------------------
