------------------------------------------------------------
TimeQuest Timing Analyzer Summary
------------------------------------------------------------

Type  : Slow 1100mV 85C Model Setup 'clk'
Slack : -3.229
TNS   : -100.323

Type  : Slow 1100mV 85C Model Hold 'clk'
Slack : 0.375
TNS   : 0.000

Type  : Slow 1100mV 85C Model Minimum Pulse Width 'clk'
Slack : -0.394
TNS   : -17.709

Type  : Slow 1100mV 0C Model Setup 'clk'
Slack : -3.180
TNS   : -99.101

Type  : Slow 1100mV 0C Model Hold 'clk'
Slack : 0.376
TNS   : 0.000

Type  : Slow 1100mV 0C Model Minimum Pulse Width 'clk'
Slack : -0.394
TNS   : -18.909

Type  : Fast 1100mV 85C Model Setup 'clk'
Slack : -1.454
TNS   : -43.973

Type  : Fast 1100mV 85C Model Hold 'clk'
Slack : 0.198
TNS   : 0.000

Type  : Fast 1100mV 85C Model Minimum Pulse Width 'clk'
Slack : -0.092
TNS   : -3.015

Type  : Fast 1100mV 0C Model Setup 'clk'
Slack : -1.228
TNS   : -37.055

Type  : Fast 1100mV 0C Model Hold 'clk'
Slack : 0.189
TNS   : 0.000

Type  : Fast 1100mV 0C Model Minimum Pulse Width 'clk'
Slack : -0.092
TNS   : -3.034

------------------------------------------------------------
